2026-06-15 23:55:49,081 INFO [Por_una_cabeza_Feisi]                 Book.java:560  | 3 sheets in /Users/zonghe/Downloads/piano_teacher/Por_una_cabeza_Feisi.pdf
2026-06-15 23:55:49,280 INFO []                 Book.java:2565 | Stored /book.xml
2026-06-15 23:55:49,280 INFO []                 Book.java:2525 | Book stored as /Users/zonghe/Downloads/piano_teacher/scores/por-una-cabeza-feisi/Por_una_cabeza_Feisi.omr
2026-06-15 23:55:49,284 INFO []                 Book.java:1929 | Book reaching PAGE on sheets:[#1#2#3]
2026-06-15 23:55:49,285 INFO [Por_una_cabeza_Feisi#1]       StepMonitoring.java:98   | LOAD
2026-06-15 23:55:49,929 INFO [Por_una_cabeza_Feisi#1]            SheetStub.java:1278 | Loaded image #1 2479x3508 from /Users/zonghe/Downloads/piano_teacher/Por_una_cabeza_Feisi.pdf
2026-06-15 23:55:49,935 INFO [Por_una_cabeza_Feisi#1]       StepMonitoring.java:98   | BINARY
2026-06-15 23:55:50,932 INFO [Por_una_cabeza_Feisi#1]       StepMonitoring.java:98   | SCALE
2026-06-15 23:55:50,970 INFO [Por_una_cabeza_Feisi#1]         ScaleBuilder.java:255  | Beam  guessed height: 13 -- mid of [6..20]
2026-06-15 23:55:50,972 INFO [Por_una_cabeza_Feisi#1]         ScaleBuilder.java:271  | Beam measured height: 11 -- 0.36 of [6..20] range at 372% of needed quorum
2026-06-15 23:55:50,973 INFO [Por_una_cabeza_Feisi#1]         ScaleBuilder.java:401  | Normalized black jitter: 4.76 %
2026-06-15 23:55:50,974 INFO [Por_una_cabeza_Feisi#1]            ScaleStep.java:65   | Scale{ interline(20,21,21) line(2,2,3) beam(11)}
2026-06-15 23:55:50,975 INFO [Por_una_cabeza_Feisi#1]       StepMonitoring.java:98   | GRID
2026-06-15 23:55:51,825 INFO [Por_una_cabeza_Feisi#1]       LinesRetriever.java:1500 | Global slope: 0.00000
2026-06-15 23:55:51,901 INFO [Por_una_cabeza_Feisi#1]    ClustersRetriever.java:326  | Retrieved raw line clusters: 10 of sizes [5] with interline(20,21,21)
2026-06-15 23:55:52,180 INFO [Por_una_cabeza_Feisi#1]            PeakGraph.java:310  | Systems: #1[1, 2] #2[3, 4] #3[5, 6] #4[7, 8] #5[9, 10]
2026-06-15 23:55:52,820 INFO [Por_una_cabeza_Feisi#1]        SystemManager.java:779  | 1 part along 5 systems
2026-06-15 23:55:52,821 INFO [Por_una_cabeza_Feisi#1]                 Book.java:543  | Created scores: [{Score 1}]
2026-06-15 23:55:52,823 INFO [Por_una_cabeza_Feisi#1]       StepMonitoring.java:98   | HEADERS
2026-06-15 23:55:54,799 INFO [Por_una_cabeza_Feisi#1]       StepMonitoring.java:98   | STEM_SEEDS
2026-06-15 23:55:54,894 INFO [Por_una_cabeza_Feisi#1]        StemSeedsStep.java:86   | stem(3 max:4)
2026-06-15 23:55:54,991 INFO [Por_una_cabeza_Feisi#1]       StepMonitoring.java:98   | BEAMS
2026-06-15 23:56:00,753 INFO [Por_una_cabeza_Feisi#1]       StepMonitoring.java:98   | LEDGERS
2026-06-15 23:56:01,729 INFO [Por_una_cabeza_Feisi#1]       StepMonitoring.java:98   | HEADS
2026-06-15 23:56:10,305 INFO [Por_una_cabeza_Feisi#1]        HeadSeedTally.java:235  | Scale information: HeadSeeds{NOTEHEAD_BLACK[L:0.3,R:0.2]}
2026-06-15 23:56:10,307 INFO [Por_una_cabeza_Feisi#1]       StepMonitoring.java:98   | STEMS
2026-06-15 23:56:11,381 INFO [Por_una_cabeza_Feisi#1]       StepMonitoring.java:98   | REDUCTION
2026-06-15 23:56:11,584 INFO [Por_una_cabeza_Feisi#1]        ReductionStep.java:105  | Stems free length median value: 73 pixels, 3.5 interlines
2026-06-15 23:56:11,591 INFO [Por_una_cabeza_Feisi#1]       StepMonitoring.java:98   | CUE_BEAMS
2026-06-15 23:56:11,591 INFO [Por_una_cabeza_Feisi#1]         CueBeamsStep.java:81   | Step CUE_BEAMS is skipped because small heads switch is off
2026-06-15 23:56:11,591 INFO [Por_una_cabeza_Feisi#1]       StepMonitoring.java:98   | TEXTS
2026-06-15 23:56:11,780 WARN [Por_una_cabeza_Feisi#1]         TesseractOCR.java:341  | Language 'eng' is not supported
2026-06-15 23:56:11,781 INFO [Por_una_cabeza_Feisi#1]              OcrUtil.java:106  | Missing support for 'eng' language(s)
2026-06-15 23:56:11,790 INFO [Por_una_cabeza_Feisi#1]       StepMonitoring.java:98   | MEASURES
2026-06-15 23:56:11,801 INFO [Por_una_cabeza_Feisi#1]                 Page.java:307  | 21 raw measures: [4 in system#1, 4 in system#2, 4 in system#3, 5 in system#4, 4 in system#5]
2026-06-15 23:56:11,801 INFO [Por_una_cabeza_Feisi#1]       StepMonitoring.java:98   | CHORDS
2026-06-15 23:56:11,819 INFO [Por_una_cabeza_Feisi#1]       StepMonitoring.java:98   | CURVES
2026-06-15 23:56:13,377 INFO [Por_una_cabeza_Feisi#1]         SlursBuilder.java:240  | Slurs: 27
2026-06-15 23:56:13,410 INFO [Por_una_cabeza_Feisi#1]      SegmentsBuilder.java:155  | Segments: 46
2026-06-15 23:56:13,420 INFO [Por_una_cabeza_Feisi#1]       StepMonitoring.java:98   | SYMBOLS
2026-06-15 23:56:15,142 INFO [Por_una_cabeza_Feisi#1]       StepMonitoring.java:98   | LINKS
2026-06-15 23:56:15,150 INFO [Por_una_cabeza_Feisi#1]        SymbolsLinker.java:258  | No chord linked to OctaveShiftInter#6234{(0.225) staff:1 VENTIDUESIMA ALTA} at java.awt.Point[x=1497,y=163]
2026-06-15 23:56:15,152 INFO [Por_una_cabeza_Feisi#1]        SymbolsLinker.java:258  | No chord linked to OctaveShiftInter#6301{(0.539) staff:1 OTTAVA ALTA} at java.awt.Point[x=2205,y=278]
2026-06-15 23:56:15,152 INFO [Por_una_cabeza_Feisi#1]        SymbolsLinker.java:258  | No chord linked to OctaveShiftInter#6350{(0.126) staff:1 QUINDICESIMA ALTA} at java.awt.Point[x=2332,y=218]
2026-06-15 23:56:15,225 INFO [Por_una_cabeza_Feisi#1]       StepMonitoring.java:98   | RHYTHMS
2026-06-15 23:56:15,290 INFO [Por_una_cabeza_Feisi#1]        MeasureRhythm.java:1044 | Measure{#13} No timeOffset for HeadChordInter#5369{(0.965/0.965) staff:7 slot#3 dur:1/16}
2026-06-15 23:56:15,291 INFO [Por_una_cabeza_Feisi#1]        MeasureRhythm.java:1044 | Measure{#13} No timeOffset for RestChordInter#6603{(0.727/0.727) staff:8 slot#3 dur:1/4}
2026-06-15 23:56:15,291 INFO [Por_una_cabeza_Feisi#1]          StackRhythm.java:224  | S4 MeasureStack#13 no correct rhythm
2026-06-15 23:56:15,300 INFO [Por_una_cabeza_Feisi#1]        MeasureRhythm.java:1044 | Measure{#17} No timeOffset for RestChordInter#6608{(0.798/0.798) staff:7 slot#5 dur:3/32}
2026-06-15 23:56:15,301 INFO [Por_una_cabeza_Feisi#1]        MeasureRhythm.java:1044 | Measure{#17} No timeOffset for RestChordInter#6609{(0.793/0.793) staff:8 slot#5 dur:3/32}
2026-06-15 23:56:15,301 INFO [Por_una_cabeza_Feisi#1]   AbstractChordInter.java:627  | Measure{#17} No timeOffset for RestChordInter#6608{(0.798/0.798) staff:7 slot#5 dur:3/32}
2026-06-15 23:56:15,301 INFO [Por_una_cabeza_Feisi#1]   AbstractChordInter.java:627  | Measure{#17} No timeOffset for RestChordInter#6609{(0.793/0.793) staff:8 slot#5 dur:3/32}
2026-06-15 23:56:15,302 INFO [Por_una_cabeza_Feisi#1]                Voice.java:257  | Measure{#17} Voice{#1 excess:1/8} too long
2026-06-15 23:56:15,302 INFO [Por_una_cabeza_Feisi#1]                Voice.java:257  | Measure{#17} Voice{#5 excess:1/8} too long
2026-06-15 23:56:15,302 INFO [Por_una_cabeza_Feisi#1]          StackRhythm.java:224  | S4 MeasureStack#17 no correct rhythm
2026-06-15 23:56:15,304 INFO [Por_una_cabeza_Feisi#1]        MeasureRhythm.java:1044 | Measure{#18} No timeOffset for HeadChordInter#5406{(0.969/0.969) staff:9 slot#5 dur:1/16}
2026-06-15 23:56:15,305 INFO [Por_una_cabeza_Feisi#1]        MeasureRhythm.java:1044 | Measure{#18} No timeOffset for HeadChordInter#5419{(0.965/0.965) staff:10 slot#5 dur:1/16}
2026-06-15 23:56:15,305 INFO [Por_una_cabeza_Feisi#1]   AbstractChordInter.java:627  | Measure{#18} No timeOffset for HeadChordInter#5408{(0.969/0.969) staff:9 slot#8 dur:1/16}
2026-06-15 23:56:15,306 INFO [Por_una_cabeza_Feisi#1]   AbstractChordInter.java:627  | Measure{#18} No timeOffset for HeadChordInter#5419{(0.965/0.965) staff:10 slot#5 dur:1/16}
2026-06-15 23:56:15,306 INFO [Por_una_cabeza_Feisi#1]   AbstractChordInter.java:627  | Measure{#18} No timeOffset for HeadChordInter#5408{(0.969/0.969) staff:9 slot#8 dur:1/16}
2026-06-15 23:56:15,306 INFO [Por_una_cabeza_Feisi#1]   AbstractChordInter.java:627  | Measure{#18} No timeOffset for RestChordInter#6660{(0.798/0.798) staff:10 slot#6 dur:1/16}
2026-06-15 23:56:15,306 INFO [Por_una_cabeza_Feisi#1]          StackRhythm.java:224  | S5 MeasureStack#18 no correct rhythm
2026-06-15 23:56:15,311 INFO [Por_una_cabeza_Feisi#1]       StepMonitoring.java:98   | PAGE
2026-06-15 23:56:15,320 INFO [Por_una_cabeza_Feisi#1]                Voice.java:257  | Measure{#17} Voice{#1 excess:1/8} too long
2026-06-15 23:56:15,320 INFO [Por_una_cabeza_Feisi#1]                Voice.java:257  | Measure{#17} Voice{#5 excess:1/8} too long
2026-06-15 23:56:15,322 INFO [Por_una_cabeza_Feisi#1]                 Book.java:2584 | Book{Por_una_cabeza_Feisi} storing
2026-06-15 23:56:15,435 INFO [Por_una_cabeza_Feisi#1]                 Book.java:2565 | Stored /book.xml
2026-06-15 23:56:15,609 INFO [Por_una_cabeza_Feisi#1]           DataHolder.java:348  | Stored /sheet#1/BINARY.png
2026-06-15 23:56:16,630 INFO [Por_una_cabeza_Feisi#1]                Sheet.java:1583 | Stored /sheet#1/sheet#1.xml
2026-06-15 23:56:16,631 INFO [Por_una_cabeza_Feisi#1]                 Book.java:2525 | Book stored as /Users/zonghe/Downloads/piano_teacher/scores/por-una-cabeza-feisi/Por_una_cabeza_Feisi.omr
2026-06-15 23:56:16,633 INFO [Por_una_cabeza_Feisi#1]            SheetStub.java:1655 | Sheet#1 disposed
2026-06-15 23:56:16,690 INFO [Por_una_cabeza_Feisi#1]                 Book.java:2050 | End of Stub#1
2026-06-15 23:56:16,691 INFO [Por_una_cabeza_Feisi#2]       StepMonitoring.java:98   | LOAD
2026-06-15 23:56:16,801 INFO [Por_una_cabeza_Feisi#2]            SheetStub.java:1278 | Loaded image #2 2479x3508 from /Users/zonghe/Downloads/piano_teacher/Por_una_cabeza_Feisi.pdf
2026-06-15 23:56:16,801 INFO [Por_una_cabeza_Feisi#2]       StepMonitoring.java:98   | BINARY
2026-06-15 23:56:17,569 INFO [Por_una_cabeza_Feisi#2]       StepMonitoring.java:98   | SCALE
2026-06-15 23:56:17,613 INFO [Por_una_cabeza_Feisi#2]         ScaleBuilder.java:255  | Beam  guessed height: 13 -- mid of [6..20]
2026-06-15 23:56:17,614 INFO [Por_una_cabeza_Feisi#2]         ScaleBuilder.java:271  | Beam measured height: 11 -- 0.36 of [6..20] range at 499% of needed quorum
2026-06-15 23:56:17,614 INFO [Por_una_cabeza_Feisi#2]         ScaleBuilder.java:401  | Normalized black jitter: 4.76 %
2026-06-15 23:56:17,614 INFO [Por_una_cabeza_Feisi#2]            ScaleStep.java:65   | Scale{ interline(20,21,21) line(2,2,3) beam(11)}
2026-06-15 23:56:17,614 INFO [Por_una_cabeza_Feisi#2]       StepMonitoring.java:98   | GRID
2026-06-15 23:56:17,991 INFO [Por_una_cabeza_Feisi#2]       LinesRetriever.java:1500 | Global slope: 0.00000
2026-06-15 23:56:18,018 INFO [Por_una_cabeza_Feisi#2]    ClustersRetriever.java:326  | Retrieved raw line clusters: 12 of sizes [5] with interline(20,21,21)
2026-06-15 23:56:18,282 INFO [Por_una_cabeza_Feisi#2]            PeakGraph.java:310  | Systems: #1[1, 2] #2[3, 4] #3[5, 6] #4[7, 8] #5[9, 10] #6[11, 12]
2026-06-15 23:56:18,510 INFO [Por_una_cabeza_Feisi#2]        SystemManager.java:779  | 1 part along 6 systems
2026-06-15 23:56:18,510 INFO [Por_una_cabeza_Feisi#2]       StepMonitoring.java:98   | HEADERS
2026-06-15 23:56:18,953 INFO [Por_una_cabeza_Feisi#2]       StepMonitoring.java:98   | STEM_SEEDS
2026-06-15 23:56:19,003 INFO [Por_una_cabeza_Feisi#2]        StemSeedsStep.java:86   | stem(3 max:3)
2026-06-15 23:56:19,039 INFO [Por_una_cabeza_Feisi#2]       StepMonitoring.java:98   | BEAMS
2026-06-15 23:56:23,931 INFO [Por_una_cabeza_Feisi#2]       StepMonitoring.java:98   | LEDGERS
2026-06-15 23:56:24,201 INFO [Por_una_cabeza_Feisi#2]       StepMonitoring.java:98   | HEADS
2026-06-15 23:57:08,739 INFO [Por_una_cabeza_Feisi#2]        HeadSeedTally.java:235  | Scale information: HeadSeeds{NOTEHEAD_BLACK[L:-0.5,R:-0.5]}
2026-06-15 23:57:08,775 INFO [Por_una_cabeza_Feisi#2]       StepMonitoring.java:98   | STEMS
2026-06-15 23:57:12,081 INFO [Por_una_cabeza_Feisi#2]       StepMonitoring.java:98   | REDUCTION
2026-06-15 23:57:12,776 INFO [Por_una_cabeza_Feisi#2]        ReductionStep.java:105  | Stems free length median value: 71 pixels, 3.4 interlines
2026-06-15 23:57:12,782 INFO [Por_una_cabeza_Feisi#2]       StepMonitoring.java:98   | CUE_BEAMS
2026-06-15 23:57:12,783 INFO [Por_una_cabeza_Feisi#2]         CueBeamsStep.java:81   | Step CUE_BEAMS is skipped because small heads switch is off
2026-06-15 23:57:12,784 INFO [Por_una_cabeza_Feisi#2]       StepMonitoring.java:98   | TEXTS
2026-06-15 23:57:13,531 WARN [Por_una_cabeza_Feisi#2]         TesseractOCR.java:341  | Language 'eng' is not supported
2026-06-15 23:57:13,532 INFO [Por_una_cabeza_Feisi#2]              OcrUtil.java:106  | Missing support for 'eng' language(s)
2026-06-15 23:57:13,535 INFO [Por_una_cabeza_Feisi#2]       StepMonitoring.java:98   | MEASURES
2026-06-15 23:57:13,538 INFO [Por_una_cabeza_Feisi#2]                 Page.java:307  | 24 raw measures: [4 in system#1, 4 in system#2, 4 in system#3, 4 in system#4, 4 in system#5, 4 in system#6]
2026-06-15 23:57:13,538 INFO [Por_una_cabeza_Feisi#2]       StepMonitoring.java:98   | CHORDS
2026-06-15 23:57:13,587 INFO [Por_una_cabeza_Feisi#2]       StepMonitoring.java:98   | CURVES
2026-06-15 23:57:18,088 INFO [Por_una_cabeza_Feisi#2]         SlursBuilder.java:240  | Slurs: 27
2026-06-15 23:57:18,181 INFO [Por_una_cabeza_Feisi#2]      SegmentsBuilder.java:155  | Segments: 46
2026-06-15 23:57:18,183 INFO [Por_una_cabeza_Feisi#2]       StepMonitoring.java:98   | SYMBOLS
2026-06-15 23:57:22,786 INFO [Por_una_cabeza_Feisi#2]       StepMonitoring.java:98   | LINKS
2026-06-15 23:57:23,088 INFO [Por_una_cabeza_Feisi#2]       StepMonitoring.java:98   | RHYTHMS
2026-06-15 23:57:23,089 INFO [Por_una_cabeza_Feisi#2]           PageRhythm.java:199  | {Page#2.1} Time value reused from sheet#1
2026-06-15 23:57:23,137 INFO [Por_una_cabeza_Feisi#2]                Voice.java:257  | Measure{#4} Voice{#5 excess:3/16} too long
2026-06-15 23:57:23,138 INFO [Por_una_cabeza_Feisi#2]          StackRhythm.java:224  | S1 MeasureStack#4 no correct rhythm
2026-06-15 23:57:23,331 INFO [Por_una_cabeza_Feisi#2]       StepMonitoring.java:98   | PAGE
2026-06-15 23:57:23,335 INFO [Por_una_cabeza_Feisi#2]                Voice.java:257  | Measure{#4} Voice{#5 excess:3/16} too long
2026-06-15 23:57:23,338 INFO [Por_una_cabeza_Feisi#2]                 Book.java:2584 | Book{Por_una_cabeza_Feisi} storing
2026-06-15 23:57:24,128 INFO [Por_una_cabeza_Feisi#2]                 Book.java:2565 | Stored /book.xml
2026-06-15 23:57:24,577 INFO [Por_una_cabeza_Feisi#2]           DataHolder.java:348  | Stored /sheet#2/BINARY.png
2026-06-15 23:57:28,784 INFO [Por_una_cabeza_Feisi#2]                Sheet.java:1583 | Stored /sheet#2/sheet#2.xml
2026-06-15 23:57:28,785 INFO [Por_una_cabeza_Feisi#2]                 Book.java:2525 | Book stored as /Users/zonghe/Downloads/piano_teacher/scores/por-una-cabeza-feisi/Por_una_cabeza_Feisi.omr
2026-06-15 23:57:28,827 INFO [Por_una_cabeza_Feisi#2]            SheetStub.java:1655 | Sheet#2 disposed
2026-06-15 23:57:29,028 INFO [Por_una_cabeza_Feisi#2]                 Book.java:2050 | End of Stub#2
2026-06-15 23:57:29,030 INFO [Por_una_cabeza_Feisi#3]       StepMonitoring.java:98   | LOAD
2026-06-15 23:57:29,489 INFO [Por_una_cabeza_Feisi#3]            SheetStub.java:1278 | Loaded image #3 2479x3508 from /Users/zonghe/Downloads/piano_teacher/Por_una_cabeza_Feisi.pdf
2026-06-15 23:57:29,524 INFO [Por_una_cabeza_Feisi#3]       StepMonitoring.java:98   | BINARY
2026-06-15 23:57:33,182 INFO [Por_una_cabeza_Feisi#3]       StepMonitoring.java:98   | SCALE
2026-06-15 23:57:33,187 INFO [Por_una_cabeza_Feisi#3]         ScaleBuilder.java:255  | Beam  guessed height: 13 -- mid of [6..20]
2026-06-15 23:57:33,188 INFO [Por_una_cabeza_Feisi#3]         ScaleBuilder.java:271  | Beam measured height: 10 -- 0.29 of [6..20] range at 374% of needed quorum
2026-06-15 23:57:33,188 INFO [Por_una_cabeza_Feisi#3]         ScaleBuilder.java:401  | Normalized black jitter: 4.76 %
2026-06-15 23:57:33,188 INFO [Por_una_cabeza_Feisi#3]            ScaleStep.java:65   | Scale{ interline(20,21,21) line(2,2,3) beam(10)}
2026-06-15 23:57:33,189 INFO [Por_una_cabeza_Feisi#3]       StepMonitoring.java:98   | GRID
2026-06-15 23:57:33,938 INFO [Por_una_cabeza_Feisi#3]       LinesRetriever.java:1500 | Global slope: 0.00000
2026-06-15 23:57:34,028 INFO [Por_una_cabeza_Feisi#3]    ClustersRetriever.java:326  | Retrieved raw line clusters: 10 of sizes [5] with interline(20,21,21)
2026-06-15 23:57:34,487 INFO [Por_una_cabeza_Feisi#3]            PeakGraph.java:310  | Systems: #1[1, 2] #2[3, 4] #3[5, 6] #4[7, 8] #5[9, 10]
2026-06-15 23:57:35,336 INFO [Por_una_cabeza_Feisi#3]        SystemManager.java:779  | 1 part along 5 systems
2026-06-15 23:57:35,337 INFO [Por_una_cabeza_Feisi#3]       StepMonitoring.java:98   | HEADERS
2026-06-15 23:57:36,738 INFO [Por_una_cabeza_Feisi#3]       StepMonitoring.java:98   | STEM_SEEDS
2026-06-15 23:57:36,935 INFO [Por_una_cabeza_Feisi#3]        StemSeedsStep.java:86   | stem(3 max:4)
2026-06-15 23:57:37,024 INFO [Por_una_cabeza_Feisi#3]       StepMonitoring.java:98   | BEAMS
2026-06-15 23:57:56,323 INFO [Por_una_cabeza_Feisi#3]       StepMonitoring.java:98   | LEDGERS
2026-06-15 23:57:57,281 INFO [Por_una_cabeza_Feisi#3]       StepMonitoring.java:98   | HEADS
2026-06-15 23:58:40,928 INFO [Por_una_cabeza_Feisi#3]        HeadSeedTally.java:235  | Scale information: HeadSeeds{NOTEHEAD_BLACK[L:-0.2,R:-0.3]}
2026-06-15 23:58:40,929 INFO [Por_una_cabeza_Feisi#3]       StepMonitoring.java:98   | STEMS
2026-06-15 23:58:44,035 INFO [Por_una_cabeza_Feisi#3]       StepMonitoring.java:98   | REDUCTION
2026-06-15 23:58:44,627 INFO [Por_una_cabeza_Feisi#3]        ReductionStep.java:105  | Stems free length median value: 73 pixels, 3.5 interlines
2026-06-15 23:58:44,632 INFO [Por_una_cabeza_Feisi#3]       StepMonitoring.java:98   | CUE_BEAMS
2026-06-15 23:58:44,633 INFO [Por_una_cabeza_Feisi#3]         CueBeamsStep.java:81   | Step CUE_BEAMS is skipped because small heads switch is off
2026-06-15 23:58:44,633 INFO [Por_una_cabeza_Feisi#3]       StepMonitoring.java:98   | TEXTS
2026-06-15 23:58:45,331 WARN [Por_una_cabeza_Feisi#3]         TesseractOCR.java:341  | Language 'eng' is not supported
2026-06-15 23:58:45,331 INFO [Por_una_cabeza_Feisi#3]              OcrUtil.java:106  | Missing support for 'eng' language(s)
2026-06-15 23:58:45,334 INFO [Por_una_cabeza_Feisi#3]       StepMonitoring.java:98   | MEASURES
2026-06-15 23:58:45,337 INFO [Por_una_cabeza_Feisi#3]                 Page.java:307  | 21 raw measures: [5 in system#1, 4 in system#2, 4 in system#3, 4 in system#4, 4 in system#5]
2026-06-15 23:58:45,337 INFO [Por_una_cabeza_Feisi#3]       StepMonitoring.java:98   | CHORDS
2026-06-15 23:58:45,381 INFO [Por_una_cabeza_Feisi#3]       StepMonitoring.java:98   | CURVES
2026-06-15 23:58:49,429 INFO [Por_una_cabeza_Feisi#3]         SlursBuilder.java:240  | Slurs: 18
2026-06-15 23:58:49,488 INFO [Por_una_cabeza_Feisi#3]      SegmentsBuilder.java:155  | Segments: 38
2026-06-15 23:58:49,489 INFO [Por_una_cabeza_Feisi#3]       StepMonitoring.java:98   | SYMBOLS
2026-06-15 23:58:53,877 INFO [Por_una_cabeza_Feisi#3]       StepMonitoring.java:98   | LINKS
2026-06-15 23:58:54,184 INFO [Por_una_cabeza_Feisi#3]       StepMonitoring.java:98   | RHYTHMS
2026-06-15 23:58:54,184 INFO [Por_una_cabeza_Feisi#3]           PageRhythm.java:199  | {Page#3.1} Time value reused from sheet#1
2026-06-15 23:58:54,285 INFO [Por_una_cabeza_Feisi#3]                Voice.java:257  | Measure{#13} Voice{#5 excess:1/8} too long
2026-06-15 23:58:54,286 INFO [Por_una_cabeza_Feisi#3]          StackRhythm.java:224  | S3 MeasureStack#13 no correct rhythm
2026-06-15 23:58:54,338 INFO [Por_una_cabeza_Feisi#3]       StepMonitoring.java:98   | PAGE
2026-06-15 23:58:54,374 INFO [Por_una_cabeza_Feisi#3]                Voice.java:257  | Measure{#13} Voice{#5 excess:1/8} too long
2026-06-15 23:58:54,375 INFO [Por_una_cabeza_Feisi#3]                 Book.java:2584 | Book{Por_una_cabeza_Feisi} storing
2026-06-15 23:58:54,826 INFO [Por_una_cabeza_Feisi#3]                 Book.java:2565 | Stored /book.xml
2026-06-15 23:58:55,235 INFO [Por_una_cabeza_Feisi#3]           DataHolder.java:348  | Stored /sheet#3/BINARY.png
2026-06-15 23:58:58,139 INFO [Por_una_cabeza_Feisi#3]                Sheet.java:1583 | Stored /sheet#3/sheet#3.xml
2026-06-15 23:58:58,139 INFO [Por_una_cabeza_Feisi#3]                 Book.java:2525 | Book stored as /Users/zonghe/Downloads/piano_teacher/scores/por-una-cabeza-feisi/Por_una_cabeza_Feisi.omr
2026-06-15 23:58:58,180 INFO [Por_una_cabeza_Feisi#3]            SheetStub.java:1655 | Sheet#3 disposed
2026-06-15 23:58:58,379 INFO [Por_una_cabeza_Feisi#3]                 Book.java:2050 | End of Stub#3
2026-06-15 23:58:58,380 INFO [Por_una_cabeza_Feisi]                 Book.java:2057 | End of Book{Por_una_cabeza_Feisi}
2026-06-15 23:59:01,239 INFO [Por_una_cabeza_Feisi]            SheetStub.java:1000 | Loaded /sheet#1/sheet#1.xml
2026-06-15 23:59:04,280 INFO [Por_una_cabeza_Feisi]            SheetStub.java:1000 | Loaded /sheet#2/sheet#2.xml
