2026-06-15 23:53:35,856 INFO [Por_una_cabeza_Feisi]                 Book.java:560  | 3 sheets in /Users/zonghe/Downloads/piano_teacher/Por_una_cabeza_Feisi.pdf
2026-06-15 23:53:36,016 INFO []                 Book.java:2565 | Stored /book.xml
2026-06-15 23:53:36,016 INFO []                 Book.java:2525 | Book stored as /Users/zonghe/Downloads/piano_teacher/scores/por-una-cabeza-feisi/Por_una_cabeza_Feisi.omr
2026-06-15 23:53:36,019 INFO []                 Book.java:1929 | Book reaching PAGE on sheets:[#1#2#3]
2026-06-15 23:53:36,020 INFO [Por_una_cabeza_Feisi#1]       StepMonitoring.java:98   | LOAD
2026-06-15 23:53:36,512 INFO [Por_una_cabeza_Feisi#1]            SheetStub.java:1278 | Loaded image #1 2479x3508 from /Users/zonghe/Downloads/piano_teacher/Por_una_cabeza_Feisi.pdf
2026-06-15 23:53:36,518 INFO [Por_una_cabeza_Feisi#1]       StepMonitoring.java:98   | BINARY
2026-06-15 23:53:37,263 INFO [Por_una_cabeza_Feisi#1]       StepMonitoring.java:98   | SCALE
2026-06-15 23:53:37,291 INFO [Por_una_cabeza_Feisi#1]         ScaleBuilder.java:255  | Beam  guessed height: 13 -- mid of [6..20]
2026-06-15 23:53:37,292 INFO [Por_una_cabeza_Feisi#1]         ScaleBuilder.java:271  | Beam measured height: 11 -- 0.36 of [6..20] range at 372% of needed quorum
2026-06-15 23:53:37,292 INFO [Por_una_cabeza_Feisi#1]         ScaleBuilder.java:401  | Normalized black jitter: 4.76 %
2026-06-15 23:53:37,293 INFO [Por_una_cabeza_Feisi#1]            ScaleStep.java:65   | Scale{ interline(20,21,21) line(2,2,3) beam(11)}
2026-06-15 23:53:37,293 INFO [Por_una_cabeza_Feisi#1]       StepMonitoring.java:98   | GRID
2026-06-15 23:53:37,853 INFO [Por_una_cabeza_Feisi#1]       LinesRetriever.java:1500 | Global slope: 0.00000
2026-06-15 23:53:37,906 INFO [Por_una_cabeza_Feisi#1]    ClustersRetriever.java:326  | Retrieved raw line clusters: 10 of sizes [5] with interline(20,21,21)
2026-06-15 23:53:38,123 INFO [Por_una_cabeza_Feisi#1]            PeakGraph.java:310  | Systems: #1[1, 2] #2[3, 4] #3[5, 6] #4[7, 8] #5[9, 10]
2026-06-15 23:53:38,535 INFO [Por_una_cabeza_Feisi#1]        SystemManager.java:779  | 1 part along 5 systems
2026-06-15 23:53:38,536 INFO [Por_una_cabeza_Feisi#1]                 Book.java:543  | Created scores: [{Score 1}]
2026-06-15 23:53:38,536 INFO [Por_una_cabeza_Feisi#1]       StepMonitoring.java:98   | HEADERS
2026-06-15 23:53:39,751 INFO [Por_una_cabeza_Feisi#1]       StepMonitoring.java:98   | STEM_SEEDS
2026-06-15 23:53:39,821 INFO [Por_una_cabeza_Feisi#1]        StemSeedsStep.java:86   | stem(3 max:4)
2026-06-15 23:53:39,897 INFO [Por_una_cabeza_Feisi#1]       StepMonitoring.java:98   | BEAMS
2026-06-15 23:53:44,463 INFO [Por_una_cabeza_Feisi#1]       StepMonitoring.java:98   | LEDGERS
2026-06-15 23:53:44,850 INFO [Por_una_cabeza_Feisi#1]       StepMonitoring.java:98   | HEADS
2026-06-15 23:53:52,743 INFO [Por_una_cabeza_Feisi#1]        HeadSeedTally.java:235  | Scale information: HeadSeeds{NOTEHEAD_BLACK[L:0.3,R:0.2]}
2026-06-15 23:53:52,743 INFO [Por_una_cabeza_Feisi#1]       StepMonitoring.java:98   | STEMS
2026-06-15 23:53:53,709 INFO [Por_una_cabeza_Feisi#1]       StepMonitoring.java:98   | REDUCTION
2026-06-15 23:53:53,886 INFO [Por_una_cabeza_Feisi#1]        ReductionStep.java:105  | Stems free length median value: 73 pixels, 3.5 interlines
2026-06-15 23:53:53,890 INFO [Por_una_cabeza_Feisi#1]       StepMonitoring.java:98   | CUE_BEAMS
2026-06-15 23:53:53,890 INFO [Por_una_cabeza_Feisi#1]         CueBeamsStep.java:81   | Step CUE_BEAMS is skipped because small heads switch is off
2026-06-15 23:53:53,890 INFO [Por_una_cabeza_Feisi#1]       StepMonitoring.java:98   | TEXTS
2026-06-15 23:53:54,060 WARN [Por_una_cabeza_Feisi#1]         TesseractOCR.java:341  | Language 'eng' is not supported
2026-06-15 23:53:54,061 INFO [Por_una_cabeza_Feisi#1]              OcrUtil.java:106  | Missing support for 'eng' language(s)
2026-06-15 23:53:54,069 INFO [Por_una_cabeza_Feisi#1]       StepMonitoring.java:98   | MEASURES
2026-06-15 23:53:54,077 INFO [Por_una_cabeza_Feisi#1]                 Page.java:307  | 21 raw measures: [4 in system#1, 4 in system#2, 4 in system#3, 5 in system#4, 4 in system#5]
2026-06-15 23:53:54,078 INFO [Por_una_cabeza_Feisi#1]       StepMonitoring.java:98   | CHORDS
2026-06-15 23:53:54,094 INFO [Por_una_cabeza_Feisi#1]       StepMonitoring.java:98   | CURVES
2026-06-15 23:53:55,702 INFO [Por_una_cabeza_Feisi#1]         SlursBuilder.java:240  | Slurs: 27
2026-06-15 23:53:55,729 INFO [Por_una_cabeza_Feisi#1]      SegmentsBuilder.java:155  | Segments: 46
2026-06-15 23:53:55,737 INFO [Por_una_cabeza_Feisi#1]       StepMonitoring.java:98   | SYMBOLS
2026-06-15 23:53:57,168 INFO [Por_una_cabeza_Feisi#1]       StepMonitoring.java:98   | LINKS
2026-06-15 23:53:57,173 INFO [Por_una_cabeza_Feisi#1]        SymbolsLinker.java:258  | No chord linked to OctaveShiftInter#6288{(0.225) staff:1 VENTIDUESIMA ALTA} at java.awt.Point[x=1497,y=163]
2026-06-15 23:53:57,175 INFO [Por_una_cabeza_Feisi#1]        SymbolsLinker.java:258  | No chord linked to OctaveShiftInter#6355{(0.539) staff:1 OTTAVA ALTA} at java.awt.Point[x=2205,y=278]
2026-06-15 23:53:57,175 INFO [Por_una_cabeza_Feisi#1]        SymbolsLinker.java:258  | No chord linked to OctaveShiftInter#6400{(0.126) staff:1 QUINDICESIMA ALTA} at java.awt.Point[x=2332,y=218]
2026-06-15 23:53:57,230 INFO [Por_una_cabeza_Feisi#1]       StepMonitoring.java:98   | RHYTHMS
2026-06-15 23:53:57,281 INFO [Por_una_cabeza_Feisi#1]        MeasureRhythm.java:1044 | Measure{#13} No timeOffset for HeadChordInter#5423{(0.965/0.965) staff:7 slot#3 dur:1/16}
2026-06-15 23:53:57,281 INFO [Por_una_cabeza_Feisi#1]        MeasureRhythm.java:1044 | Measure{#13} No timeOffset for RestChordInter#6653{(0.727/0.727) staff:8 slot#3 dur:1/4}
2026-06-15 23:53:57,281 INFO [Por_una_cabeza_Feisi#1]          StackRhythm.java:224  | S4 MeasureStack#13 no correct rhythm
2026-06-15 23:53:57,287 INFO [Por_una_cabeza_Feisi#1]        MeasureRhythm.java:1044 | Measure{#17} No timeOffset for RestChordInter#6658{(0.798/0.798) staff:7 slot#5 dur:3/32}
2026-06-15 23:53:57,288 INFO [Por_una_cabeza_Feisi#1]        MeasureRhythm.java:1044 | Measure{#17} No timeOffset for RestChordInter#6659{(0.793/0.793) staff:8 slot#5 dur:3/32}
2026-06-15 23:53:57,288 INFO [Por_una_cabeza_Feisi#1]   AbstractChordInter.java:627  | Measure{#17} No timeOffset for RestChordInter#6658{(0.798/0.798) staff:7 slot#5 dur:3/32}
2026-06-15 23:53:57,288 INFO [Por_una_cabeza_Feisi#1]   AbstractChordInter.java:627  | Measure{#17} No timeOffset for RestChordInter#6659{(0.793/0.793) staff:8 slot#5 dur:3/32}
2026-06-15 23:53:57,288 INFO [Por_una_cabeza_Feisi#1]                Voice.java:257  | Measure{#17} Voice{#1 excess:1/8} too long
2026-06-15 23:53:57,289 INFO [Por_una_cabeza_Feisi#1]                Voice.java:257  | Measure{#17} Voice{#5 excess:1/8} too long
2026-06-15 23:53:57,289 INFO [Por_una_cabeza_Feisi#1]          StackRhythm.java:224  | S4 MeasureStack#17 no correct rhythm
2026-06-15 23:53:57,290 INFO [Por_una_cabeza_Feisi#1]        MeasureRhythm.java:1044 | Measure{#18} No timeOffset for HeadChordInter#5460{(0.969/0.969) staff:9 slot#5 dur:1/16}
2026-06-15 23:53:57,291 INFO [Por_una_cabeza_Feisi#1]        MeasureRhythm.java:1044 | Measure{#18} No timeOffset for HeadChordInter#5473{(0.965/0.965) staff:10 slot#5 dur:1/16}
2026-06-15 23:53:57,291 INFO [Por_una_cabeza_Feisi#1]   AbstractChordInter.java:627  | Measure{#18} No timeOffset for HeadChordInter#5462{(0.969/0.969) staff:9 slot#8 dur:1/16}
2026-06-15 23:53:57,291 INFO [Por_una_cabeza_Feisi#1]   AbstractChordInter.java:627  | Measure{#18} No timeOffset for HeadChordInter#5473{(0.965/0.965) staff:10 slot#5 dur:1/16}
2026-06-15 23:53:57,291 INFO [Por_una_cabeza_Feisi#1]   AbstractChordInter.java:627  | Measure{#18} No timeOffset for HeadChordInter#5462{(0.969/0.969) staff:9 slot#8 dur:1/16}
2026-06-15 23:53:57,292 INFO [Por_una_cabeza_Feisi#1]   AbstractChordInter.java:627  | Measure{#18} No timeOffset for RestChordInter#6710{(0.798/0.798) staff:10 slot#6 dur:1/16}
2026-06-15 23:53:57,292 INFO [Por_una_cabeza_Feisi#1]          StackRhythm.java:224  | S5 MeasureStack#18 no correct rhythm
2026-06-15 23:53:57,297 INFO [Por_una_cabeza_Feisi#1]       StepMonitoring.java:98   | PAGE
2026-06-15 23:53:57,303 INFO [Por_una_cabeza_Feisi#1]                Voice.java:257  | Measure{#17} Voice{#1 excess:1/8} too long
2026-06-15 23:53:57,304 INFO [Por_una_cabeza_Feisi#1]                Voice.java:257  | Measure{#17} Voice{#5 excess:1/8} too long
2026-06-15 23:53:57,305 INFO [Por_una_cabeza_Feisi#1]                 Book.java:2584 | Book{Por_una_cabeza_Feisi} storing
2026-06-15 23:53:57,392 INFO [Por_una_cabeza_Feisi#1]                 Book.java:2565 | Stored /book.xml
2026-06-15 23:53:57,530 INFO [Por_una_cabeza_Feisi#1]           DataHolder.java:348  | Stored /sheet#1/BINARY.png
2026-06-15 23:53:58,295 INFO [Por_una_cabeza_Feisi#1]                Sheet.java:1583 | Stored /sheet#1/sheet#1.xml
2026-06-15 23:53:58,296 INFO [Por_una_cabeza_Feisi#1]                 Book.java:2525 | Book stored as /Users/zonghe/Downloads/piano_teacher/scores/por-una-cabeza-feisi/Por_una_cabeza_Feisi.omr
2026-06-15 23:53:58,298 INFO [Por_una_cabeza_Feisi#1]            SheetStub.java:1655 | Sheet#1 disposed
2026-06-15 23:53:58,340 INFO [Por_una_cabeza_Feisi#1]                 Book.java:2050 | End of Stub#1
2026-06-15 23:53:58,340 INFO [Por_una_cabeza_Feisi#2]       StepMonitoring.java:98   | LOAD
2026-06-15 23:53:58,431 INFO [Por_una_cabeza_Feisi#2]            SheetStub.java:1278 | Loaded image #2 2479x3508 from /Users/zonghe/Downloads/piano_teacher/Por_una_cabeza_Feisi.pdf
2026-06-15 23:53:58,432 INFO [Por_una_cabeza_Feisi#2]       StepMonitoring.java:98   | BINARY
2026-06-15 23:53:59,049 INFO [Por_una_cabeza_Feisi#2]       StepMonitoring.java:98   | SCALE
2026-06-15 23:53:59,085 INFO [Por_una_cabeza_Feisi#2]         ScaleBuilder.java:255  | Beam  guessed height: 13 -- mid of [6..20]
2026-06-15 23:53:59,085 INFO [Por_una_cabeza_Feisi#2]         ScaleBuilder.java:271  | Beam measured height: 11 -- 0.36 of [6..20] range at 499% of needed quorum
2026-06-15 23:53:59,086 INFO [Por_una_cabeza_Feisi#2]         ScaleBuilder.java:401  | Normalized black jitter: 4.76 %
2026-06-15 23:53:59,086 INFO [Por_una_cabeza_Feisi#2]            ScaleStep.java:65   | Scale{ interline(20,21,21) line(2,2,3) beam(11)}
2026-06-15 23:53:59,086 INFO [Por_una_cabeza_Feisi#2]       StepMonitoring.java:98   | GRID
2026-06-15 23:53:59,408 INFO [Por_una_cabeza_Feisi#2]       LinesRetriever.java:1500 | Global slope: 0.00000
2026-06-15 23:53:59,426 INFO [Por_una_cabeza_Feisi#2]    ClustersRetriever.java:326  | Retrieved raw line clusters: 12 of sizes [5] with interline(20,21,21)
2026-06-15 23:53:59,553 INFO [Por_una_cabeza_Feisi#2]            PeakGraph.java:310  | Systems: #1[1, 2] #2[3, 4] #3[5, 6] #4[7, 8] #5[9, 10] #6[11, 12]
2026-06-15 23:53:59,731 INFO [Por_una_cabeza_Feisi#2]        SystemManager.java:779  | 1 part along 6 systems
2026-06-15 23:53:59,732 INFO [Por_una_cabeza_Feisi#2]       StepMonitoring.java:98   | HEADERS
2026-06-15 23:54:00,071 INFO [Por_una_cabeza_Feisi#2]       StepMonitoring.java:98   | STEM_SEEDS
2026-06-15 23:54:00,109 INFO [Por_una_cabeza_Feisi#2]        StemSeedsStep.java:86   | stem(3 max:3)
2026-06-15 23:54:00,135 INFO [Por_una_cabeza_Feisi#2]       StepMonitoring.java:98   | BEAMS
2026-06-15 23:54:03,900 INFO [Por_una_cabeza_Feisi#2]       StepMonitoring.java:98   | LEDGERS
2026-06-15 23:54:04,107 INFO [Por_una_cabeza_Feisi#2]       StepMonitoring.java:98   | HEADS
2026-06-15 23:54:12,492 INFO [Por_una_cabeza_Feisi#2]        HeadSeedTally.java:235  | Scale information: HeadSeeds{NOTEHEAD_BLACK[L:-0.5,R:-0.5]}
2026-06-15 23:54:12,493 INFO [Por_una_cabeza_Feisi#2]       StepMonitoring.java:98   | STEMS
2026-06-15 23:54:13,095 INFO [Por_una_cabeza_Feisi#2]       StepMonitoring.java:98   | REDUCTION
2026-06-15 23:54:13,207 INFO [Por_una_cabeza_Feisi#2]        ReductionStep.java:105  | Stems free length median value: 71 pixels, 3.4 interlines
2026-06-15 23:54:13,210 INFO [Por_una_cabeza_Feisi#2]       StepMonitoring.java:98   | CUE_BEAMS
2026-06-15 23:54:13,211 INFO [Por_una_cabeza_Feisi#2]         CueBeamsStep.java:81   | Step CUE_BEAMS is skipped because small heads switch is off
2026-06-15 23:54:13,211 INFO [Por_una_cabeza_Feisi#2]       StepMonitoring.java:98   | TEXTS
2026-06-15 23:54:13,338 WARN [Por_una_cabeza_Feisi#2]         TesseractOCR.java:341  | Language 'eng' is not supported
2026-06-15 23:54:13,339 INFO [Por_una_cabeza_Feisi#2]              OcrUtil.java:106  | Missing support for 'eng' language(s)
2026-06-15 23:54:13,340 INFO [Por_una_cabeza_Feisi#2]       StepMonitoring.java:98   | MEASURES
2026-06-15 23:54:13,342 INFO [Por_una_cabeza_Feisi#2]                 Page.java:307  | 24 raw measures: [4 in system#1, 4 in system#2, 4 in system#3, 4 in system#4, 4 in system#5, 4 in system#6]
2026-06-15 23:54:13,342 INFO [Por_una_cabeza_Feisi#2]       StepMonitoring.java:98   | CHORDS
2026-06-15 23:54:13,350 INFO [Por_una_cabeza_Feisi#2]       StepMonitoring.java:98   | CURVES
2026-06-15 23:54:14,156 INFO [Por_una_cabeza_Feisi#2]         SlursBuilder.java:240  | Slurs: 27
2026-06-15 23:54:14,169 INFO [Por_una_cabeza_Feisi#2]      SegmentsBuilder.java:155  | Segments: 46
2026-06-15 23:54:14,170 INFO [Por_una_cabeza_Feisi#2]       StepMonitoring.java:98   | SYMBOLS
2026-06-15 23:54:15,001 INFO [Por_una_cabeza_Feisi#2]       StepMonitoring.java:98   | LINKS
2026-06-15 23:54:15,056 INFO [Por_una_cabeza_Feisi#2]       StepMonitoring.java:98   | RHYTHMS
2026-06-15 23:54:15,057 INFO [Por_una_cabeza_Feisi#2]           PageRhythm.java:199  | {Page#2.1} Time value reused from sheet#1
2026-06-15 23:54:15,065 INFO [Por_una_cabeza_Feisi#2]                Voice.java:257  | Measure{#4} Voice{#5 excess:3/16} too long
2026-06-15 23:54:15,066 INFO [Por_una_cabeza_Feisi#2]          StackRhythm.java:224  | S1 MeasureStack#4 no correct rhythm
2026-06-15 23:54:15,092 INFO [Por_una_cabeza_Feisi#2]       StepMonitoring.java:98   | PAGE
2026-06-15 23:54:15,093 INFO [Por_una_cabeza_Feisi#2]                Voice.java:257  | Measure{#4} Voice{#5 excess:3/16} too long
2026-06-15 23:54:15,095 INFO [Por_una_cabeza_Feisi#2]                 Book.java:2584 | Book{Por_una_cabeza_Feisi} storing
2026-06-15 23:54:15,193 INFO [Por_una_cabeza_Feisi#2]                 Book.java:2565 | Stored /book.xml
2026-06-15 23:54:15,278 INFO [Por_una_cabeza_Feisi#2]           DataHolder.java:348  | Stored /sheet#2/BINARY.png
2026-06-15 23:54:16,044 INFO [Por_una_cabeza_Feisi#2]                Sheet.java:1583 | Stored /sheet#2/sheet#2.xml
2026-06-15 23:54:16,045 INFO [Por_una_cabeza_Feisi#2]                 Book.java:2525 | Book stored as /Users/zonghe/Downloads/piano_teacher/scores/por-una-cabeza-feisi/Por_una_cabeza_Feisi.omr
2026-06-15 23:54:16,048 INFO [Por_una_cabeza_Feisi#2]            SheetStub.java:1655 | Sheet#2 disposed
2026-06-15 23:54:16,090 INFO [Por_una_cabeza_Feisi#2]                 Book.java:2050 | End of Stub#2
2026-06-15 23:54:16,090 INFO [Por_una_cabeza_Feisi#3]       StepMonitoring.java:98   | LOAD
2026-06-15 23:54:16,173 INFO [Por_una_cabeza_Feisi#3]            SheetStub.java:1278 | Loaded image #3 2479x3508 from /Users/zonghe/Downloads/piano_teacher/Por_una_cabeza_Feisi.pdf
2026-06-15 23:54:16,174 INFO [Por_una_cabeza_Feisi#3]       StepMonitoring.java:98   | BINARY
2026-06-15 23:54:16,842 INFO [Por_una_cabeza_Feisi#3]       StepMonitoring.java:98   | SCALE
2026-06-15 23:54:16,845 INFO [Por_una_cabeza_Feisi#3]         ScaleBuilder.java:255  | Beam  guessed height: 13 -- mid of [6..20]
2026-06-15 23:54:16,845 INFO [Por_una_cabeza_Feisi#3]         ScaleBuilder.java:271  | Beam measured height: 10 -- 0.29 of [6..20] range at 374% of needed quorum
2026-06-15 23:54:16,845 INFO [Por_una_cabeza_Feisi#3]         ScaleBuilder.java:401  | Normalized black jitter: 4.76 %
2026-06-15 23:54:16,846 INFO [Por_una_cabeza_Feisi#3]            ScaleStep.java:65   | Scale{ interline(20,21,21) line(2,2,3) beam(10)}
2026-06-15 23:54:16,846 INFO [Por_una_cabeza_Feisi#3]       StepMonitoring.java:98   | GRID
2026-06-15 23:54:16,979 INFO [Por_una_cabeza_Feisi#3]       LinesRetriever.java:1500 | Global slope: 0.00000
2026-06-15 23:54:16,991 INFO [Por_una_cabeza_Feisi#3]    ClustersRetriever.java:326  | Retrieved raw line clusters: 10 of sizes [5] with interline(20,21,21)
2026-06-15 23:54:17,052 INFO [Por_una_cabeza_Feisi#3]            PeakGraph.java:310  | Systems: #1[1, 2] #2[3, 4] #3[5, 6] #4[7, 8] #5[9, 10]
2026-06-15 23:54:17,209 INFO [Por_una_cabeza_Feisi#3]        SystemManager.java:779  | 1 part along 5 systems
2026-06-15 23:54:17,210 INFO [Por_una_cabeza_Feisi#3]       StepMonitoring.java:98   | HEADERS
2026-06-15 23:54:17,480 INFO [Por_una_cabeza_Feisi#3]       StepMonitoring.java:98   | STEM_SEEDS
2026-06-15 23:54:17,518 INFO [Por_una_cabeza_Feisi#3]        StemSeedsStep.java:86   | stem(3 max:4)
2026-06-15 23:54:17,532 INFO [Por_una_cabeza_Feisi#3]       StepMonitoring.java:98   | BEAMS
2026-06-15 23:54:20,910 INFO [Por_una_cabeza_Feisi#3]       StepMonitoring.java:98   | LEDGERS
2026-06-15 23:54:21,074 INFO [Por_una_cabeza_Feisi#3]       StepMonitoring.java:98   | HEADS
2026-06-15 23:54:28,366 INFO [Por_una_cabeza_Feisi#3]        HeadSeedTally.java:235  | Scale information: HeadSeeds{NOTEHEAD_BLACK[L:-0.2,R:-0.3]}
2026-06-15 23:54:28,366 INFO [Por_una_cabeza_Feisi#3]       StepMonitoring.java:98   | STEMS
2026-06-15 23:54:28,872 INFO [Por_una_cabeza_Feisi#3]       StepMonitoring.java:98   | REDUCTION
2026-06-15 23:54:28,956 INFO [Por_una_cabeza_Feisi#3]        ReductionStep.java:105  | Stems free length median value: 73 pixels, 3.5 interlines
2026-06-15 23:54:28,959 INFO [Por_una_cabeza_Feisi#3]       StepMonitoring.java:98   | CUE_BEAMS
2026-06-15 23:54:28,959 INFO [Por_una_cabeza_Feisi#3]         CueBeamsStep.java:81   | Step CUE_BEAMS is skipped because small heads switch is off
2026-06-15 23:54:28,959 INFO [Por_una_cabeza_Feisi#3]       StepMonitoring.java:98   | TEXTS
2026-06-15 23:54:29,069 WARN [Por_una_cabeza_Feisi#3]         TesseractOCR.java:341  | Language 'eng' is not supported
2026-06-15 23:54:29,069 INFO [Por_una_cabeza_Feisi#3]              OcrUtil.java:106  | Missing support for 'eng' language(s)
2026-06-15 23:54:29,071 INFO [Por_una_cabeza_Feisi#3]       StepMonitoring.java:98   | MEASURES
2026-06-15 23:54:29,072 INFO [Por_una_cabeza_Feisi#3]                 Page.java:307  | 21 raw measures: [5 in system#1, 4 in system#2, 4 in system#3, 4 in system#4, 4 in system#5]
2026-06-15 23:54:29,072 INFO [Por_una_cabeza_Feisi#3]       StepMonitoring.java:98   | CHORDS
2026-06-15 23:54:29,075 INFO [Por_una_cabeza_Feisi#3]       StepMonitoring.java:98   | CURVES
2026-06-15 23:54:29,800 INFO [Por_una_cabeza_Feisi#3]         SlursBuilder.java:240  | Slurs: 18
2026-06-15 23:54:29,815 INFO [Por_una_cabeza_Feisi#3]      SegmentsBuilder.java:155  | Segments: 38
2026-06-15 23:54:29,816 INFO [Por_una_cabeza_Feisi#3]       StepMonitoring.java:98   | SYMBOLS
2026-06-15 23:54:30,567 INFO [Por_una_cabeza_Feisi#3]       StepMonitoring.java:98   | LINKS
2026-06-15 23:54:30,643 INFO [Por_una_cabeza_Feisi#3]       StepMonitoring.java:98   | RHYTHMS
2026-06-15 23:54:30,644 INFO [Por_una_cabeza_Feisi#3]           PageRhythm.java:199  | {Page#3.1} Time value reused from sheet#1
2026-06-15 23:54:30,660 INFO [Por_una_cabeza_Feisi#3]                Voice.java:257  | Measure{#13} Voice{#5 excess:1/8} too long
2026-06-15 23:54:30,660 INFO [Por_una_cabeza_Feisi#3]          StackRhythm.java:224  | S3 MeasureStack#13 no correct rhythm
2026-06-15 23:54:30,669 INFO [Por_una_cabeza_Feisi#3]       StepMonitoring.java:98   | PAGE
2026-06-15 23:54:30,671 INFO [Por_una_cabeza_Feisi#3]                Voice.java:257  | Measure{#13} Voice{#5 excess:1/8} too long
2026-06-15 23:54:30,672 INFO [Por_una_cabeza_Feisi#3]                 Book.java:2584 | Book{Por_una_cabeza_Feisi} storing
2026-06-15 23:54:30,772 INFO [Por_una_cabeza_Feisi#3]                 Book.java:2565 | Stored /book.xml
2026-06-15 23:54:30,875 INFO [Por_una_cabeza_Feisi#3]           DataHolder.java:348  | Stored /sheet#3/BINARY.png
2026-06-15 23:54:31,382 INFO [Por_una_cabeza_Feisi#3]                Sheet.java:1583 | Stored /sheet#3/sheet#3.xml
2026-06-15 23:54:31,382 INFO [Por_una_cabeza_Feisi#3]                 Book.java:2525 | Book stored as /Users/zonghe/Downloads/piano_teacher/scores/por-una-cabeza-feisi/Por_una_cabeza_Feisi.omr
2026-06-15 23:54:31,391 INFO [Por_una_cabeza_Feisi#3]            SheetStub.java:1655 | Sheet#3 disposed
2026-06-15 23:54:31,430 INFO [Por_una_cabeza_Feisi#3]                 Book.java:2050 | End of Stub#3
2026-06-15 23:54:31,430 INFO [Por_una_cabeza_Feisi]                 Book.java:2057 | End of Book{Por_una_cabeza_Feisi}
2026-06-15 23:54:31,991 INFO [Por_una_cabeza_Feisi]            SheetStub.java:1000 | Loaded /sheet#1/sheet#1.xml
2026-06-15 23:54:32,503 INFO [Por_una_cabeza_Feisi]            SheetStub.java:1000 | Loaded /sheet#2/sheet#2.xml
2026-06-15 23:54:32,818 INFO [Por_una_cabeza_Feisi]            SheetStub.java:1000 | Loaded /sheet#3/sheet#3.xml
2026-06-15 23:54:33,177 INFO [Por_una_cabeza_Feisi]      PartwiseBuilder.java:2706 | Exporting sheet(s): [#1#2#3]
2026-06-15 23:54:33,363 INFO [Por_una_cabeza_Feisi]        ScoreExporter.java:164  | Score Por_una_cabeza_Feisi exported to /Users/zonghe/Downloads/piano_teacher/scores/por-una-cabeza-feisi/Por_una_cabeza_Feisi.mxl
2026-06-15 23:54:33,457 INFO [Por_una_cabeza_Feisi]                Score.java:181  | Closing {Score 1}
